Archive member included to satisfy reference by file (symbol)

c:/program files (x86)/atmel/studio/7.0/toolchain/avr8/avr8-gnu-toolchain/bin/../lib/gcc/avr/5.4.0/avr35\libgcc.a(_exit.o)
                              C:/Program Files (x86)/Atmel/Studio/7.0/Packs/atmel/ATmega_DFP/1.2.209/gcc/dev/atmega16u2/avr35/crtatmega16u2.o (exit)
c:/program files (x86)/atmel/studio/7.0/toolchain/avr8/avr8-gnu-toolchain/bin/../lib/gcc/avr/5.4.0/avr35\libgcc.a(_copy_data.o)
                              Lib/ISP/ISPTarget.o (__do_copy_data)
c:/program files (x86)/atmel/studio/7.0/toolchain/avr8/avr8-gnu-toolchain/bin/../lib/gcc/avr/5.4.0/avr35\libgcc.a(_clear_bss.o)
                              Lib/ISP/ISPTarget.o (__do_clear_bss)
c:/program files (x86)/atmel/studio/7.0/toolchain/avr8/avr8-gnu-toolchain/bin/../lib/gcc/avr/5.4.0/../../../../avr/lib/avr35\libc.a(memcpy_P.o)
                              src/LUFA/LUFA/Drivers/USB/Class/Device/RNDISClassDevice.o (memcpy_P)
c:/program files (x86)/atmel/studio/7.0/toolchain/avr8/avr8-gnu-toolchain/bin/../lib/gcc/avr/5.4.0/../../../../avr/lib/avr35\libc.a(strlen_P.o)
                              src/LUFA/LUFA/Drivers/USB/Class/Device/CDCClassDevice.o (__strlen_P)
c:/program files (x86)/atmel/studio/7.0/toolchain/avr8/avr8-gnu-toolchain/bin/../lib/gcc/avr/5.4.0/../../../../avr/lib/avr35\libc.a(memcmp.o)
                              src/LUFA/LUFA/Drivers/USB/Class/Device/HIDClassDevice.o (memcmp)
c:/program files (x86)/atmel/studio/7.0/toolchain/avr8/avr8-gnu-toolchain/bin/../lib/gcc/avr/5.4.0/../../../../avr/lib/avr35\libc.a(memcpy.o)
                              src/LUFA/LUFA/Drivers/USB/Class/Device/HIDClassDevice.o (memcpy)
c:/program files (x86)/atmel/studio/7.0/toolchain/avr8/avr8-gnu-toolchain/bin/../lib/gcc/avr/5.4.0/../../../../avr/lib/avr35\libc.a(memset.o)
                              src/LUFA/LUFA/Drivers/USB/Class/Device/HIDClassDevice.o (memset)
C:/Program Files (x86)/Atmel/Studio/7.0/Packs/atmel/ATmega_DFP/1.2.209/gcc/dev/atmega16u2/avr35\libatmega16u2.a(eerd_byte.o)
                              Lib/V2ProtocolParams.o (eeprom_read_byte)
C:/Program Files (x86)/Atmel/Studio/7.0/Packs/atmel/ATmega_DFP/1.2.209/gcc/dev/atmega16u2/avr35\libatmega16u2.a(eeupd_byte.o)
                              Lib/V2ProtocolParams.o (eeprom_update_byte)

Allocating common symbols
Common symbol       size              file

USB_IsInitialized   0x1               src/LUFA/LUFA/Drivers/USB/Core/USBTask.o
MustLoadExtendedAddress
                    0x1               Lib/V2Protocol.o
USB_Device_ConfigurationNumber
                    0x1               src/LUFA/LUFA/Drivers/USB/Core/DeviceStandardReq.o
USB_ControlRequest  0x8               src/LUFA/LUFA/Drivers/USB/Core/USBTask.o
CurrentAddress      0x4               Lib/V2Protocol.o

Discarded input sections

 .data          0x00000000        0x0 C:/Program Files (x86)/Atmel/Studio/7.0/Packs/atmel/ATmega_DFP/1.2.209/gcc/dev/atmega16u2/avr35/crtatmega16u2.o
 .bss           0x00000000        0x0 C:/Program Files (x86)/Atmel/Studio/7.0/Packs/atmel/ATmega_DFP/1.2.209/gcc/dev/atmega16u2/avr35/crtatmega16u2.o
 .group         0x00000000        0x8 AVRISP-MKII.o
 .group         0x00000000        0x8 AVRISP-MKII.o
 .group         0x00000000        0x8 AVRISP-MKII.o
 .group         0x00000000        0x8 AVRISP-MKII.o
 .group         0x00000000        0x8 AVRISP-MKII.o
 .group         0x00000000        0x8 AVRISP-MKII.o
 .group         0x00000000        0x8 AVRISP-MKII.o
 .group         0x00000000        0x8 AVRISP-MKII.o
 .group         0x00000000        0x8 AVRISP-MKII.o
 .group         0x00000000        0x8 AVRISP-MKII.o
 .group         0x00000000        0x8 AVRISP-MKII.o
 .group         0x00000000        0x8 AVRISP-MKII.o
 .group         0x00000000        0x8 AVRISP-MKII.o
 .group         0x00000000        0x8 AVRISP-MKII.o
 .group         0x00000000        0x8 AVRISP-MKII.o
 .group         0x00000000        0x8 AVRISP-MKII.o
 .group         0x00000000        0x8 AVRISP-MKII.o
 .group         0x00000000        0x8 AVRISP-MKII.o
 .group         0x00000000        0x8 AVRISP-MKII.o
 .group         0x00000000        0x8 AVRISP-MKII.o
 .group         0x00000000        0x8 AVRISP-MKII.o
 .group         0x00000000        0x8 AVRISP-MKII.o
 .group         0x00000000        0x8 AVRISP-MKII.o
 .group         0x00000000        0x8 AVRISP-MKII.o
 .group         0x00000000        0x8 AVRISP-MKII.o
 .group         0x00000000        0x8 AVRISP-MKII.o
 .group         0x00000000        0x8 AVRISP-MKII.o
 .group         0x00000000        0x8 AVRISP-MKII.o
 .group         0x00000000        0x8 AVRISP-MKII.o
 .group         0x00000000        0x8 AVRISP-MKII.o
 .group         0x00000000        0x8 AVRISP-MKII.o
 .group         0x00000000        0x8 AVRISP-MKII.o
 .group         0x00000000        0x8 AVRISP-MKII.o
 .group         0x00000000        0x8 AVRISP-MKII.o
 .group         0x00000000        0x8 AVRISP-MKII.o
[...]
Memory Configuration

Name             Origin             Length             Attributes
text             0x00000000         0x00010000         xr
data             0x00800060         0x0000ffa0         rw !x
eeprom           0x00810000         0x00010000         rw !x
fuse             0x00820000         0x00000003         rw !x
lock             0x00830000         0x00000400         rw !x
signature        0x00840000         0x00000400         rw !x
user_signatures  0x00850000         0x00000400         rw !x
*default*        0x00000000         0xffffffff

Linker script and memory map

Address of section .data set to 0x800100
LOAD C:/Program Files (x86)/Atmel/Studio/7.0/Packs/atmel/ATmega_DFP/1.2.209/gcc/dev/atmega16u2/avr35/crtatmega16u2.o
LOAD AVRISP-MKII.o
LOAD AVRISPDescriptors.o
LOAD Lib/ISP/ISPProtocol.o
LOAD Lib/ISP/ISPTarget.o
LOAD Lib/V2Protocol.o
LOAD Lib/V2ProtocolParams.o
LOAD Lib/XPROG/TINYNVM.o
LOAD Lib/XPROG/XMEGANVM.o
LOAD Lib/XPROG/XPROGProtocol.o
LOAD Lib/XPROG/XPROGTarget.o
LOAD src/LUFA/LUFA/Drivers/USB/Class/Common/HIDParser.o
LOAD src/LUFA/LUFA/Drivers/USB/Class/Device/AudioClassDevice.o
LOAD src/LUFA/LUFA/Drivers/USB/Class/Device/CDCClassDevice.o
LOAD src/LUFA/LUFA/Drivers/USB/Class/Device/HIDClassDevice.o
LOAD src/LUFA/LUFA/Drivers/USB/Class/Device/MassStorageClassDevice.o
LOAD src/LUFA/LUFA/Drivers/USB/Class/Device/MIDIClassDevice.o
LOAD src/LUFA/LUFA/Drivers/USB/Class/Device/PrinterClassDevice.o
LOAD src/LUFA/LUFA/Drivers/USB/Class/Device/RNDISClassDevice.o
LOAD src/LUFA/LUFA/Drivers/USB/Class/Host/AndroidAccessoryClassHost.o
LOAD src/LUFA/LUFA/Drivers/USB/Class/Host/AudioClassHost.o
LOAD src/LUFA/LUFA/Drivers/USB/Class/Host/CDCClassHost.o
LOAD src/LUFA/LUFA/Drivers/USB/Class/Host/HIDClassHost.o
LOAD src/LUFA/LUFA/Drivers/USB/Class/Host/MassStorageClassHost.o
LOAD src/LUFA/LUFA/Drivers/USB/Class/Host/MIDIClassHost.o
LOAD src/LUFA/LUFA/Drivers/USB/Class/Host/PrinterClassHost.o
LOAD src/LUFA/LUFA/Drivers/USB/Class/Host/RNDISClassHost.o
LOAD src/LUFA/LUFA/Drivers/USB/Class/Host/StillImageClassHost.o
LOAD src/LUFA/LUFA/Drivers/USB/Core/AVR8/Device_AVR8.o
LOAD src/LUFA/LUFA/Drivers/USB/Core/AVR8/EndpointStream_AVR8.o
LOAD src/LUFA/LUFA/Drivers/USB/Core/AVR8/Endpoint_AVR8.o
LOAD src/LUFA/LUFA/Drivers/USB/Core/AVR8/Host_AVR8.o
LOAD src/LUFA/LUFA/Drivers/USB/Core/AVR8/PipeStream_AVR8.o
LOAD src/LUFA/LUFA/Drivers/USB/Core/AVR8/Pipe_AVR8.o
LOAD src/LUFA/LUFA/Drivers/USB/Core/AVR8/Template/Template_Endpoint_Control_R.o
LOAD src/LUFA/LUFA/Drivers/USB/Core/AVR8/Template/Template_Endpoint_Control_W.o
LOAD src/LUFA/LUFA/Drivers/USB/Core/AVR8/Template/Template_Endpoint_RW.o
LOAD src/LUFA/LUFA/Drivers/USB/Core/AVR8/Template/Template_Pipe_RW.o
LOAD src/LUFA/LUFA/Drivers/USB/Core/AVR8/USBController_AVR8.o
LOAD src/LUFA/LUFA/Drivers/USB/Core/AVR8/USBInterrupt_AVR8.o
LOAD src/LUFA/LUFA/Drivers/USB/Core/ConfigDescriptors.o
LOAD src/LUFA/LUFA/Drivers/USB/Core/DeviceStandardReq.o
LOAD src/LUFA/LUFA/Drivers/USB/Core/Events.o
LOAD src/LUFA/LUFA/Drivers/USB/Core/HostStandardReq.o
LOAD src/LUFA/LUFA/Drivers/USB/Core/USBTask.o
START GROUP
LOAD c:/program files (x86)/atmel/studio/7.0/toolchain/avr8/avr8-gnu-toolchain/bin/../lib/gcc/avr/5.4.0/../../../../avr/lib/avr35\libm.a
END GROUP
START GROUP
LOAD c:/program files (x86)/atmel/studio/7.0/toolchain/avr8/avr8-gnu-toolchain/bin/../lib/gcc/avr/5.4.0/avr35\libgcc.a
LOAD c:/program files (x86)/atmel/studio/7.0/toolchain/avr8/avr8-gnu-toolchain/bin/../lib/gcc/avr/5.4.0/../../../../avr/lib/avr35\libm.a
LOAD c:/program files (x86)/atmel/studio/7.0/toolchain/avr8/avr8-gnu-toolchain/bin/../lib/gcc/avr/5.4.0/../../../../avr/lib/avr35\libc.a
LOAD C:/Program Files (x86)/Atmel/Studio/7.0/Packs/atmel/ATmega_DFP/1.2.209/gcc/dev/atmega16u2/avr35\libatmega16u2.a
END GROUP
                0x00010000                __TEXT_REGION_LENGTH__ = DEFINED (__TEXT_REGION_LENGTH__)?__TEXT_REGION_LENGTH__:0x10000
                0x0000ffa0                __DATA_REGION_LENGTH__ = DEFINED (__DATA_REGION_LENGTH__)?__DATA_REGION_LENGTH__:0xffa0
                0x00010000                __EEPROM_REGION_LENGTH__ = DEFINED (__EEPROM_REGION_LENGTH__)?__EEPROM_REGION_LENGTH__:0x10000
                [0x00000003]                __FUSE_REGION_LENGTH__ = DEFINED (__FUSE_REGION_LENGTH__)?__FUSE_REGION_LENGTH__:0x400
                0x00000400                __LOCK_REGION_LENGTH__ = DEFINED (__LOCK_REGION_LENGTH__)?__LOCK_REGION_LENGTH__:0x400
                0x00000400                __SIGNATURE_REGION_LENGTH__ = DEFINED (__SIGNATURE_REGION_LENGTH__)?__SIGNATURE_REGION_LENGTH__:0x400
                0x00000400                __USER_SIGNATURE_REGION_LENGTH__ = DEFINED (__USER_SIGNATURE_REGION_LENGTH__)?__USER_SIGNATURE_REGION_LENGTH__:0x400

.hash
 *(.hash)

.dynsym
 *(.dynsym)

.dynstr
 *(.dynstr)

.gnu.version
 *(.gnu.version)

.gnu.version_d
 *(.gnu.version_d)

.gnu.version_r
 *(.gnu.version_r)

.rel.init
 *(.rel.init)

.rela.init
 *(.rela.init)

.rel.text
 *(.rel.text)
 *(.rel.text.*)
 *(.rel.gnu.linkonce.t*)

.rela.text
 *(.rela.text)
 *(.rela.text.*)
 *(.rela.gnu.linkonce.t*)

.rel.fini
 *(.rel.fini)

.rela.fini
 *(.rela.fini)

.rel.rodata
 *(.rel.rodata)
 *(.rel.rodata.*)
 *(.rel.gnu.linkonce.r*)

.rela.rodata
 *(.rela.rodata)
 *(.rela.rodata.*)
 *(.rela.gnu.linkonce.r*)

.rel.data
 *(.rel.data)
 *(.rel.data.*)
 *(.rel.gnu.linkonce.d*)

.rela.data
 *(.rela.data)
 *(.rela.data.*)
 *(.rela.gnu.linkonce.d*)

.rel.ctors
 *(.rel.ctors)

.rela.ctors
 *(.rela.ctors)

.rel.dtors
 *(.rel.dtors)

.rela.dtors
 *(.rela.dtors)

.rel.got
 *(.rel.got)

.rela.got
 *(.rela.got)

.rel.bss
 *(.rel.bss)

.rela.bss
 *(.rela.bss)

.rel.plt
 *(.rel.plt)

.rela.plt
 *(.rela.plt)

.text           0x00000000     0x1de6
 *(.vectors)
 .vectors       0x00000000       0x74 C:/Program Files (x86)/Atmel/Studio/7.0/Packs/atmel/ATmega_DFP/1.2.209/gcc/dev/atmega16u2/avr35/crtatmega16u2.o
                0x00000000                __vector_default
                0x00000000                __vectors
 *(.vectors)
 *(.progmem.gcc*)
                0x00000074                . = ALIGN (0x2)
                0x00000074                __trampolines_start = .
 *(.trampolines)
 .trampolines   0x00000074        0x0 linker stubs
 *(.trampolines*)
                0x00000074                __trampolines_end = .
 *libprintf_flt.a:*(.progmem.data)
 *libc.a:*(.progmem.data)
 *(.progmem*)
 .progmem.data.AVRISP_SerialString
                0x00000074       0x1e AVRISPDescriptors.o
                0x00000074                AVRISP_SerialString
 .progmem.data.AVRISP_ProductString
                0x00000092       0x1a AVRISPDescriptors.o
                0x00000092                AVRISP_ProductString
 .progmem.data.AVRISP_ManufacturerString
                0x000000ac        0xe AVRISPDescriptors.o
                0x000000ac                AVRISP_ManufacturerString
 .progmem.data.AVRISP_LanguageString
                0x000000ba        0x4 AVRISPDescriptors.o
                0x000000ba                AVRISP_LanguageString
 .progmem.data.AVRISP_ConfigurationDescriptor
                0x000000be       0x20 AVRISPDescriptors.o
                0x000000be                AVRISP_ConfigurationDescriptor
 .progmem.data.AVRISP_DeviceDescriptor
                0x000000de       0x12 AVRISPDescriptors.o
                0x000000de                AVRISP_DeviceDescriptor
 .progmem.data.TimerCompareFromSCKDuration
                0x000000f0      0x13a Lib/ISP/ISPTarget.o
 .progmem.data.SPIMaskFromSCKDuration
                0x0000022a        0x7 Lib/ISP/ISPTarget.o
                0x00000232                . = ALIGN (0x2)
 *fill*         0x00000231        0x1 
 *(.jumptables)
 *(.jumptables*)
 *(.lowtext)
 *(.lowtext*)
                0x00000232                __ctors_start = .
 *(.ctors)
                0x00000232                __ctors_end = .
                0x00000232                __dtors_start = .
 *(.dtors)
                0x00000232                __dtors_end = .
 SORT(*)(.ctors)
 SORT(*)(.dtors)
 *(.init0)
 .init0         0x00000232        0x0 C:/Program Files (x86)/Atmel/Studio/7.0/Packs/atmel/ATmega_DFP/1.2.209/gcc/dev/atmega16u2/avr35/crtatmega16u2.o
                0x00000232                __init
 *(.init0)
 *(.init1)
 *(.init1)
 *(.init2)
 .init2         0x00000232        0xc C:/Program Files (x86)/Atmel/Studio/7.0/Packs/atmel/ATmega_DFP/1.2.209/gcc/dev/atmega16u2/avr35/crtatmega16u2.o
 *(.init2)
 *(.init3)
 *(.init3)
 *(.init4)
 .init4         0x0000023e       0x16 c:/program files (x86)/atmel/studio/7.0/toolchain/avr8/avr8-gnu-toolchain/bin/../lib/gcc/avr/5.4.0/avr35\libgcc.a(_copy_data.o)
                0x0000023e                __do_copy_data
 .init4         0x00000254       0x10 c:/program files (x86)/atmel/studio/7.0/toolchain/avr8/avr8-gnu-toolchain/bin/../lib/gcc/avr/5.4.0/avr35\libgcc.a(_clear_bss.o)
                0x00000254                __do_clear_bss
 *(.init4)
 *(.init5)
 *(.init5)
 *(.init6)
 *(.init6)
 *(.init7)
 *(.init7)
 *(.init8)
 *(.init8)
 *(.init9)
 .init9         0x00000264        0x6 C:/Program Files (x86)/Atmel/Studio/7.0/Packs/atmel/ATmega_DFP/1.2.209/gcc/dev/atmega16u2/avr35/crtatmega16u2.o
 *(.init9)
 *(.text)
 .text          0x0000026a        0x2 C:/Program Files (x86)/Atmel/Studio/7.0/Packs/atmel/ATmega_DFP/1.2.209/gcc/dev/atmega16u2/avr35/crtatmega16u2.o
                0x0000026a                __vector_22
                0x0000026a                __vector_28
                0x0000026a                __vector_1
                0x0000026a                __vector_24
                0x0000026a                __vector_12
                0x0000026a                __bad_interrupt
                0x0000026a                __vector_6
                0x0000026a                __vector_3
                0x0000026a                __vector_23
                0x0000026a                __vector_25
                0x0000026a                __vector_13
                0x0000026a                __vector_17
                0x0000026a                __vector_7
                0x0000026a                __vector_27
                0x0000026a                __vector_5
                0x0000026a                __vector_4
                0x0000026a                __vector_9
                0x0000026a                __vector_2
                0x0000026a                __vector_21
                0x0000026a                __vector_8
                0x0000026a                __vector_26
                0x0000026a                __vector_14
                0x0000026a                __vector_10
                0x0000026a                __vector_16
                0x0000026a                __vector_18
                0x0000026a                __vector_20
                0x0000026c                . = ALIGN (0x2)
 *(.text.*)
 .text.SetupHardware
                0x0000026c       0x40 AVRISP-MKII.o
                0x0000026c                SetupHardware
 .text.EVENT_USB_Device_Connect
                0x000002ac        0xa AVRISP-MKII.o
                0x000002ac                EVENT_USB_Device_Connect
 .text.EVENT_USB_Device_Disconnect
                0x000002b6        0xa AVRISP-MKII.o
                0x000002b6                EVENT_USB_Device_Disconnect
 .text.EVENT_USB_Device_ConfigurationChanged
                0x000002c0       0x1e AVRISP-MKII.o
                0x000002c0                EVENT_USB_Device_ConfigurationChanged
 .text.AVRISP_Task
                0x000002de       0x2c AVRISP-MKII.o
                0x000002de                AVRISP_Task
 .text.main     0x0000030a       0x16 AVRISP-MKII.o
                0x0000030a                main
 .text.CALLBACK_USB_GetDescriptor
                0x00000320        0x4 AVRISP-MKII.o
                0x00000320                CALLBACK_USB_GetDescriptor
 .text.AVRISP_GetDescriptor
                0x00000324       0x86 AVRISPDescriptors.o
                0x00000324                AVRISP_GetDescriptor
 .text.ISPProtocol_ProgramMemory
                0x000003aa      0x3c2 Lib/ISP/ISPProtocol.o
                0x000003aa                ISPProtocol_ProgramMemory
 .text.ISPProtocol_ReadMemory
                0x0000076c      0x22e Lib/ISP/ISPProtocol.o
                0x0000076c                ISPProtocol_ReadMemory
 .text.ISPProtocol_ReadFuseLockSigOSCCAL
                0x0000099a       0xc6 Lib/ISP/ISPProtocol.o
                0x0000099a                ISPProtocol_ReadFuseLockSigOSCCAL
 .text.ISPProtocol_WriteFuseLock
                0x00000a60       0x9a Lib/ISP/ISPProtocol.o
                0x00000a60                ISPProtocol_WriteFuseLock
 .text.ISPProtocol_SPIMulti
                0x00000afa      0x186 Lib/ISP/ISPProtocol.o
                0x00000afa                ISPProtocol_SPIMulti
 .text.ISPProtocol_DelayMS
                0x00000c80       0x26 Lib/ISP/ISPProtocol.o
                0x00000c80                ISPProtocol_DelayMS
 .text.ISPProtocol_EnterISPMode
                0x00000ca6      0x138 Lib/ISP/ISPProtocol.o
                0x00000ca6                ISPProtocol_EnterISPMode
 .text.ISPProtocol_LeaveISPMode
                0x00000dde       0x66 Lib/ISP/ISPProtocol.o
                0x00000dde                ISPProtocol_LeaveISPMode
 .text.ISPProtocol_ChipErase
                0x00000e44       0xaa Lib/ISP/ISPProtocol.o
                0x00000e44                ISPProtocol_ChipErase
 .text.__vector_15
                0x00000eee       0x5c Lib/ISP/ISPTarget.o
                0x00000eee                __vector_15
 .text.ISPTarget_ConfigureRescueClock
                0x00000f4a       0x24 Lib/ISP/ISPTarget.o
                0x00000f4a                ISPTarget_ConfigureRescueClock
 .text.ISPTarget_DisableTargetISP
                0x00000f6e       0x2a Lib/ISP/ISPTarget.o
                0x00000f6e                ISPTarget_DisableTargetISP
 .text.ISPTarget_ConfigureSoftwareSPI
                0x00000f98       0x30 Lib/ISP/ISPTarget.o
                0x00000f98                ISPTarget_ConfigureSoftwareSPI
 .text.ISPTarget_EnableTargetISP
                0x00000fc8       0x54 Lib/ISP/ISPTarget.o
                0x00000fc8                ISPTarget_EnableTargetISP
 .text.ISPTarget_TransferSoftSPIByte
                0x0000101c       0x3e Lib/ISP/ISPTarget.o
                0x0000101c                ISPTarget_TransferSoftSPIByte
 .text.ISPTarget_ChangeTargetResetLine
                0x0000105a       0x1c Lib/ISP/ISPTarget.o
                0x0000105a                ISPTarget_ChangeTargetResetLine
 .text.ISPTarget_WaitWhileTargetBusy
                0x00001076       0x74 Lib/ISP/ISPTarget.o
                0x00001076                ISPTarget_WaitWhileTargetBusy
 .text.ISPTarget_LoadExtendedAddress
                0x000010ea       0x70 Lib/ISP/ISPTarget.o
                0x000010ea                ISPTarget_LoadExtendedAddress
 .text.ISPTarget_WaitForProgComplete
                0x0000115a       0xca Lib/ISP/ISPTarget.o
                0x0000115a                ISPTarget_WaitForProgComplete
 .text.__vector_19
                0x00001224       0x2a Lib/V2Protocol.o
                0x00001224                __vector_19
 .text.V2Protocol_Init
                0x0000124e       0x12 Lib/V2Protocol.o
                0x0000124e                V2Protocol_Init
 .text.V2Protocol_ProcessCommand
                0x00001260      0x27e Lib/V2Protocol.o
                0x00001260                V2Protocol_ProcessCommand
 .text.V2Params_GetParamFromTable
                0x000014de       0x2c Lib/V2ProtocolParams.o
 .text.V2Params_LoadNonVolatileParamValues
                0x0000150a       0x32 Lib/V2ProtocolParams.o
                0x0000150a                V2Params_LoadNonVolatileParamValues
 .text.V2Params_UpdateParamValues
                0x0000153c        0x2 Lib/V2ProtocolParams.o
                0x0000153c                V2Params_UpdateParamValues
 .text.V2Params_GetParameterPrivileges
                0x0000153e       0x10 Lib/V2ProtocolParams.o
                0x0000153e                V2Params_GetParameterPrivileges
 .text.V2Params_GetParameterValue
                0x0000154e       0x10 Lib/V2ProtocolParams.o
                0x0000154e                V2Params_GetParameterValue
 .text.V2Params_SetParameterValue
                0x0000155e       0x32 Lib/V2ProtocolParams.o
                0x0000155e                V2Params_SetParameterValue
 .text.Endpoint_Write_Stream_LE
                0x00001590       0xba src/LUFA/LUFA/Drivers/USB/Core/AVR8/EndpointStream_AVR8.o
                0x00001590                Endpoint_Write_Stream_LE
 .text.Endpoint_Read_Stream_LE
                0x0000164a       0xba src/LUFA/LUFA/Drivers/USB/Core/AVR8/EndpointStream_AVR8.o
                0x0000164a                Endpoint_Read_Stream_LE
 .text.Endpoint_Read_Stream_BE
                0x00001704       0xc4 src/LUFA/LUFA/Drivers/USB/Core/AVR8/EndpointStream_AVR8.o
                0x00001704                Endpoint_Read_Stream_BE
 .text.Endpoint_Write_Control_PStream_LE
                0x000017c8       0xf4 src/LUFA/LUFA/Drivers/USB/Core/AVR8/EndpointStream_AVR8.o
                0x000017c8                Endpoint_Write_Control_PStream_LE
 .text.Endpoint_ConfigureEndpoint_Prv
                0x000018bc       0x28 src/LUFA/LUFA/Drivers/USB/Core/AVR8/Endpoint_AVR8.o
                0x000018bc                Endpoint_ConfigureEndpoint_Prv
 .text.Endpoint_ClearStatusStage
                0x000018e4       0x44 src/LUFA/LUFA/Drivers/USB/Core/AVR8/Endpoint_AVR8.o
                0x000018e4                Endpoint_ClearStatusStage
 .text.Endpoint_WaitUntilReady
                0x00001928       0x80 src/LUFA/LUFA/Drivers/USB/Core/AVR8/Endpoint_AVR8.o
                0x00001928                Endpoint_WaitUntilReady
 .text.USB_ResetInterface
                0x000019a8       0x5a src/LUFA/LUFA/Drivers/USB/Core/AVR8/USBController_AVR8.o
                0x000019a8                USB_ResetInterface
 .text.USB_Init
                0x00001a02       0x14 src/LUFA/LUFA/Drivers/USB/Core/AVR8/USBController_AVR8.o
                0x00001a02                USB_Init
 .text.USB_INT_DisableAllInterrupts
                0x00001a16        0x6 src/LUFA/LUFA/Drivers/USB/Core/AVR8/USBInterrupt_AVR8.o
                0x00001a16                USB_INT_DisableAllInterrupts
 .text.USB_INT_ClearAllInterrupts
                0x00001a1c        0x6 src/LUFA/LUFA/Drivers/USB/Core/AVR8/USBInterrupt_AVR8.o
                0x00001a1c                USB_INT_ClearAllInterrupts
 .text.__vector_11
                0x00001a22      0x11a src/LUFA/LUFA/Drivers/USB/Core/AVR8/USBInterrupt_AVR8.o
                0x00001a22                __vector_11
 .text.USB_Device_ProcessControlRequest
                0x00001b3c      0x23e src/LUFA/LUFA/Drivers/USB/Core/DeviceStandardReq.o
                0x00001b3c                USB_Device_ProcessControlRequest
 .text.USB_Event_Stub
                0x00001d7a        0x2 src/LUFA/LUFA/Drivers/USB/Core/Events.o
                0x00001d7a                USB_Event_Stub
                0x00001d7a                EVENT_USB_Device_Suspend
                0x00001d7a                EVENT_USB_Device_StartOfFrame
                0x00001d7a                EVENT_USB_Device_Reset
                0x00001d7a                EVENT_USB_Device_ControlRequest
                0x00001d7a                EVENT_USB_Device_WakeUp
 .text.USB_USBTask
                0x00001d7c       0x32 src/LUFA/LUFA/Drivers/USB/Core/USBTask.o
                0x00001d7c                USB_USBTask
 .text.avr-libc
                0x00001dae       0x10 C:/Program Files (x86)/Atmel/Studio/7.0/Packs/atmel/ATmega_DFP/1.2.209/gcc/dev/atmega16u2/avr35\libatmega16u2.a(eerd_byte.o)
                0x00001dae                eeprom_read_byte
 .text.avr-libc
                0x00001dbe       0x24 C:/Program Files (x86)/Atmel/Studio/7.0/Packs/atmel/ATmega_DFP/1.2.209/gcc/dev/atmega16u2/avr35\libatmega16u2.a(eeupd_byte.o)
                0x00001dbe                eeprom_update_byte
                0x00001dc0                eeprom_update_r18
                0x00001de2                . = ALIGN (0x2)
 *(.fini9)
 .fini9         0x00001de2        0x0 c:/program files (x86)/atmel/studio/7.0/toolchain/avr8/avr8-gnu-toolchain/bin/../lib/gcc/avr/5.4.0/avr35\libgcc.a(_exit.o)
                0x00001de2                _exit
                0x00001de2                exit
 *(.fini9)
 *(.fini8)
 *(.fini8)
 *(.fini7)
 *(.fini7)
 *(.fini6)
 *(.fini6)
 *(.fini5)
 *(.fini5)
 *(.fini4)
 *(.fini4)
 *(.fini3)
 *(.fini3)
 *(.fini2)
 *(.fini2)
 *(.fini1)
 *(.fini1)
 *(.fini0)
 .fini0         0x00001de2        0x4 c:/program files (x86)/atmel/studio/7.0/toolchain/avr8/avr8-gnu-toolchain/bin/../lib/gcc/avr/5.4.0/avr35\libgcc.a(_exit.o)
 *(.fini0)
                0x00001de6                _etext = .

.data           0x00800100       0x2a load address 0x00001de6
                0x00800100                PROVIDE (__data_start, .)
 *(.data)
 *(.data*)
 .data.HardwareSPIMode
                0x00800100        0x1 Lib/ISP/ISPTarget.o
                0x00800100                HardwareSPIMode
 .data.ParameterTable
                0x00800101       0x1e Lib/V2ProtocolParams.o
 *(.gnu.linkonce.d*)
 *(.rodata)
 *(.rodata*)
 .rodata.str1.1
                0x0080011f        0xb Lib/V2Protocol.o
 *(.gnu.linkonce.r*)
                0x0080012a                . = ALIGN (0x2)
                0x0080012a                _edata = .
                0x0080012a                PROVIDE (__data_end, .)

.bss            0x0080012a       0x11
                0x0080012a                PROVIDE (__bss_start, .)
 *(.bss)
 *(.bss*)
 .bss.SoftSPI_BitsRemaining
                0x0080012a        0x1 Lib/ISP/ISPTarget.o
 .bss.SoftSPI_Data
                0x0080012b        0x1 Lib/ISP/ISPTarget.o
 *(COMMON)
 COMMON         0x0080012c        0x5 Lib/V2Protocol.o
                0x0080012c                MustLoadExtendedAddress
                0x0080012d                CurrentAddress
 COMMON         0x00800131        0x1 src/LUFA/LUFA/Drivers/USB/Core/DeviceStandardReq.o
                0x00800131                USB_Device_ConfigurationNumber
 COMMON         0x00800132        0x9 src/LUFA/LUFA/Drivers/USB/Core/USBTask.o
                0x00800132                USB_IsInitialized
                0x00800133                USB_ControlRequest
                0x0080013b                PROVIDE (__bss_end, .)
                0x00001de6                __data_load_start = LOADADDR (.data)
                0x00001e10                __data_load_end = (__data_load_start + SIZEOF (.data))

.noinit         0x0080013b        0x0
                [!provide]                PROVIDE (__noinit_start, .)
 *(.noinit*)
                [!provide]                PROVIDE (__noinit_end, .)
                0x0080013b                _end = .
                [!provide]                PROVIDE (__heap_start, .)

.eeprom         0x00810000        0x2
 *(.eeprom*)
 .eeprom        0x00810000        0x2 Lib/V2ProtocolParams.o
                0x00810002                __eeprom_end = .

.fuse
 *(.fuse)
 *(.lfuse)
 *(.hfuse)
 *(.efuse)

.lock
 *(.lock*)

.signature
 *(.signature*)

.user_signatures
 *(.user_signatures*)

.stab
 *(.stab)

.stabstr
 *(.stabstr)

.stab.excl
 *(.stab.excl)

.stab.exclstr
 *(.stab.exclstr)

.stab.index
 *(.stab.index)

.stab.indexstr
 *(.stab.indexstr)

.comment        0x00000000       0x30
 *(.comment)
 .comment       0x00000000       0x30 AVRISP-MKII.o
                                 0x31 (size before relaxing)
 .comment       0x00000030       0x31 AVRISPDescriptors.o
 .comment       0x00000030       0x31 Lib/ISP/ISPProtocol.o
 .comment       0x00000030       0x31 Lib/ISP/ISPTarget.o
 .comment       0x00000030       0x31 Lib/V2Protocol.o
 .comment       0x00000030       0x31 Lib/V2ProtocolParams.o
 .comment       0x00000030       0x31 src/LUFA/LUFA/Drivers/USB/Core/AVR8/EndpointStream_AVR8.o
 .comment       0x00000030       0x31 src/LUFA/LUFA/Drivers/USB/Core/AVR8/Endpoint_AVR8.o
 .comment       0x00000030       0x31 src/LUFA/LUFA/Drivers/USB/Core/AVR8/USBController_AVR8.o
 .comment       0x00000030       0x31 src/LUFA/LUFA/Drivers/USB/Core/AVR8/USBInterrupt_AVR8.o
 .comment       0x00000030       0x31 src/LUFA/LUFA/Drivers/USB/Core/DeviceStandardReq.o
 .comment       0x00000030       0x31 src/LUFA/LUFA/Drivers/USB/Core/Events.o
 .comment       0x00000030       0x31 src/LUFA/LUFA/Drivers/USB/Core/USBTask.o

.note.gnu.avr.deviceinfo
                0x00000000       0x40
 .note.gnu.avr.deviceinfo
                0x00000000       0x40 C:/Program Files (x86)/Atmel/Studio/7.0/Packs/atmel/ATmega_DFP/1.2.209/gcc/dev/atmega16u2/avr35/crtatmega16u2.o

.note.gnu.build-id
 *(.note.gnu.build-id)

.debug
 *(.debug)

.line
 *(.line)

.debug_srcinfo
 *(.debug_srcinfo)

.debug_sfnames
 *(.debug_sfnames)

.debug_aranges  0x00000000      0x3b8
 *(.debug_aranges)
 .debug_aranges
                0x00000000       0x50 AVRISP-MKII.o
 .debug_aranges
                0x00000050       0x20 AVRISPDescriptors.o
 .debug_aranges
                0x00000070       0x60 Lib/ISP/ISPProtocol.o
 .debug_aranges
                0x000000d0       0x68 Lib/ISP/ISPTarget.o
 .debug_aranges
                0x00000138       0x30 Lib/V2Protocol.o
 .debug_aranges
                0x00000168       0x48 Lib/V2ProtocolParams.o
 .debug_aranges
                0x000001b0       0xc8 src/LUFA/LUFA/Drivers/USB/Core/AVR8/EndpointStream_AVR8.o
 .debug_aranges
                0x00000278       0x40 src/LUFA/LUFA/Drivers/USB/Core/AVR8/Endpoint_AVR8.o
 .debug_aranges
                0x000002b8       0x30 src/LUFA/LUFA/Drivers/USB/Core/AVR8/USBController_AVR8.o
 .debug_aranges
                0x000002e8       0x30 src/LUFA/LUFA/Drivers/USB/Core/AVR8/USBInterrupt_AVR8.o
 .debug_aranges
                0x00000318       0x20 src/LUFA/LUFA/Drivers/USB/Core/DeviceStandardReq.o
 .debug_aranges
                0x00000338       0x20 src/LUFA/LUFA/Drivers/USB/Core/Events.o
 .debug_aranges
                0x00000358       0x20 src/LUFA/LUFA/Drivers/USB/Core/USBTask.o
 .debug_aranges
                0x00000378       0x20 C:/Program Files (x86)/Atmel/Studio/7.0/Packs/atmel/ATmega_DFP/1.2.209/gcc/dev/atmega16u2/avr35\libatmega16u2.a(eerd_byte.o)
 .debug_aranges
                0x00000398       0x20 C:/Program Files (x86)/Atmel/Studio/7.0/Packs/atmel/ATmega_DFP/1.2.209/gcc/dev/atmega16u2/avr35\libatmega16u2.a(eeupd_byte.o)

.debug_pubnames
 *(.debug_pubnames)

.debug_info     0x00000000     0x7274
 *(.debug_info .gnu.linkonce.wi.*)
 .debug_info    0x00000000      0x6ba C:/Program Files (x86)/Atmel/Studio/7.0/Packs/atmel/ATmega_DFP/1.2.209/gcc/dev/atmega16u2/avr35/crtatmega16u2.o
 .debug_info    0x000006ba      0x5c1 AVRISP-MKII.o
 .debug_info    0x00000c7b      0x61a AVRISPDescriptors.o
 .debug_info    0x00001295     0x1899 Lib/ISP/ISPProtocol.o
 .debug_info    0x00002b2e      0x810 Lib/ISP/ISPTarget.o
 .debug_info    0x0000333e      0x893 Lib/V2Protocol.o
 .debug_info    0x00003bd1      0x372 Lib/V2ProtocolParams.o
 .debug_info    0x00003f43     0x180a src/LUFA/LUFA/Drivers/USB/Core/AVR8/EndpointStream_AVR8.o
 .debug_info    0x0000574d      0x596 src/LUFA/LUFA/Drivers/USB/Core/AVR8/Endpoint_AVR8.o
 .debug_info    0x00005ce3      0x45a src/LUFA/LUFA/Drivers/USB/Core/AVR8/USBController_AVR8.o
 .debug_info    0x0000613d      0x546 src/LUFA/LUFA/Drivers/USB/Core/AVR8/USBInterrupt_AVR8.o
 .debug_info    0x00006683      0x7bb src/LUFA/LUFA/Drivers/USB/Core/DeviceStandardReq.o
 .debug_info    0x00006e3e       0x7c src/LUFA/LUFA/Drivers/USB/Core/Events.o
 .debug_info    0x00006eba      0x25f src/LUFA/LUFA/Drivers/USB/Core/USBTask.o
 .debug_info    0x00007119       0xad C:/Program Files (x86)/Atmel/Studio/7.0/Packs/atmel/ATmega_DFP/1.2.209/gcc/dev/atmega16u2/avr35\libatmega16u2.a(eerd_byte.o)
 .debug_info    0x000071c6       0xae C:/Program Files (x86)/Atmel/Studio/7.0/Packs/atmel/ATmega_DFP/1.2.209/gcc/dev/atmega16u2/avr35\libatmega16u2.a(eeupd_byte.o)

.debug_abbrev   0x00000000     0x1e9d
 *(.debug_abbrev)
 .debug_abbrev  0x00000000      0x65d C:/Program Files (x86)/Atmel/Studio/7.0/Packs/atmel/ATmega_DFP/1.2.209/gcc/dev/atmega16u2/avr35/crtatmega16u2.o
 .debug_abbrev  0x0000065d      0x243 AVRISP-MKII.o
 .debug_abbrev  0x000008a0      0x13b AVRISPDescriptors.o
 .debug_abbrev  0x000009db      0x347 Lib/ISP/ISPProtocol.o
 .debug_abbrev  0x00000d22      0x28b Lib/ISP/ISPTarget.o
 .debug_abbrev  0x00000fad      0x214 Lib/V2Protocol.o
 .debug_abbrev  0x000011c1      0x15d Lib/V2ProtocolParams.o
 .debug_abbrev  0x0000131e      0x1e6 src/LUFA/LUFA/Drivers/USB/Core/AVR8/EndpointStream_AVR8.o
 .debug_abbrev  0x00001504      0x233 src/LUFA/LUFA/Drivers/USB/Core/AVR8/Endpoint_AVR8.o
 .debug_abbrev  0x00001737      0x17d src/LUFA/LUFA/Drivers/USB/Core/AVR8/USBController_AVR8.o
 .debug_abbrev  0x000018b4      0x1b0 src/LUFA/LUFA/Drivers/USB/Core/AVR8/USBInterrupt_AVR8.o
 .debug_abbrev  0x00001a64      0x25c src/LUFA/LUFA/Drivers/USB/Core/DeviceStandardReq.o
 .debug_abbrev  0x00001cc0       0x47 src/LUFA/LUFA/Drivers/USB/Core/Events.o
 .debug_abbrev  0x00001d07      0x16e src/LUFA/LUFA/Drivers/USB/Core/USBTask.o
 .debug_abbrev  0x00001e75       0x14 C:/Program Files (x86)/Atmel/Studio/7.0/Packs/atmel/ATmega_DFP/1.2.209/gcc/dev/atmega16u2/avr35\libatmega16u2.a(eerd_byte.o)
 .debug_abbrev  0x00001e89       0x14 C:/Program Files (x86)/Atmel/Studio/7.0/Packs/atmel/ATmega_DFP/1.2.209/gcc/dev/atmega16u2/avr35\libatmega16u2.a(eeupd_byte.o)

.debug_line     0x00000000     0xc4ec
 *(.debug_line .debug_line.* .debug_line_end)
 .debug_line    0x00000000      0x145 C:/Program Files (x86)/Atmel/Studio/7.0/Packs/atmel/ATmega_DFP/1.2.209/gcc/dev/atmega16u2/avr35/crtatmega16u2.o
 .debug_line    0x00000145     0x1131 AVRISP-MKII.o
 .debug_line    0x00001276      0xdcd AVRISPDescriptors.o
 .debug_line    0x00002043     0x19b1 Lib/ISP/ISPProtocol.o
 .debug_line    0x000039f4     0x13ff Lib/ISP/ISPTarget.o
 .debug_line    0x00004df3     0x11ec Lib/V2Protocol.o
 .debug_line    0x00005fdf     0x1072 Lib/V2ProtocolParams.o
 .debug_line    0x00007051     0x1ea4 src/LUFA/LUFA/Drivers/USB/Core/AVR8/EndpointStream_AVR8.o
 .debug_line    0x00008ef5      0xb93 src/LUFA/LUFA/Drivers/USB/Core/AVR8/Endpoint_AVR8.o
 .debug_line    0x00009a88      0x8a2 src/LUFA/LUFA/Drivers/USB/Core/AVR8/USBController_AVR8.o
 .debug_line    0x0000a32a      0xa3c src/LUFA/LUFA/Drivers/USB/Core/AVR8/USBInterrupt_AVR8.o
 .debug_line    0x0000ad66      0x9e2 src/LUFA/LUFA/Drivers/USB/Core/DeviceStandardReq.o
 .debug_line    0x0000b748      0x47a src/LUFA/LUFA/Drivers/USB/Core/Events.o
 .debug_line    0x0000bbc2      0x7fa src/LUFA/LUFA/Drivers/USB/Core/USBTask.o
 .debug_line    0x0000c3bc       0x7a C:/Program Files (x86)/Atmel/Studio/7.0/Packs/atmel/ATmega_DFP/1.2.209/gcc/dev/atmega16u2/avr35\libatmega16u2.a(eerd_byte.o)
 .debug_line    0x0000c436       0xb6 C:/Program Files (x86)/Atmel/Studio/7.0/Packs/atmel/ATmega_DFP/1.2.209/gcc/dev/atmega16u2/avr35\libatmega16u2.a(eeupd_byte.o)

.debug_frame    0x00000000      0xc8c
 *(.debug_frame)
 .debug_frame   0x00000000       0x84 AVRISP-MKII.o
 .debug_frame   0x00000084       0x24 AVRISPDescriptors.o
 .debug_frame   0x000000a8      0x254 Lib/ISP/ISPProtocol.o
 .debug_frame   0x000002fc       0xd8 Lib/ISP/ISPTarget.o
 .debug_frame   0x000003d4       0x74 Lib/V2Protocol.o
 .debug_frame   0x00000448       0x8c Lib/V2ProtocolParams.o
 .debug_frame   0x000004d4      0x5b4 src/LUFA/LUFA/Drivers/USB/Core/AVR8/EndpointStream_AVR8.o
 .debug_frame   0x00000a88       0xa4 src/LUFA/LUFA/Drivers/USB/Core/AVR8/Endpoint_AVR8.o
 .debug_frame   0x00000b2c       0x44 src/LUFA/LUFA/Drivers/USB/Core/AVR8/USBController_AVR8.o
 .debug_frame   0x00000b70       0x8c src/LUFA/LUFA/Drivers/USB/Core/AVR8/USBInterrupt_AVR8.o
 .debug_frame   0x00000bfc       0x40 src/LUFA/LUFA/Drivers/USB/Core/DeviceStandardReq.o
 .debug_frame   0x00000c3c       0x24 src/LUFA/LUFA/Drivers/USB/Core/Events.o
 .debug_frame   0x00000c60       0x2c src/LUFA/LUFA/Drivers/USB/Core/USBTask.o

.debug_str      0x00000000    0x16aa1
 *(.debug_str)
 .debug_str     0x00000000      0x262 C:/Program Files (x86)/Atmel/Studio/7.0/Packs/atmel/ATmega_DFP/1.2.209/gcc/dev/atmega16u2/avr35/crtatmega16u2.o
 .debug_str     0x00000262    0x14521 AVRISP-MKII.o
                              0x147b4 (size before relaxing)
 .debug_str     0x00014783      0x605 AVRISPDescriptors.o
                              0x12bdb (size before relaxing)
 .debug_str     0x00014d88      0x61a Lib/ISP/ISPProtocol.o
                              0x146cc (size before relaxing)
 .debug_str     0x000153a2      0x10d Lib/ISP/ISPTarget.o
                              0x1430c (size before relaxing)
 .debug_str     0x000154af      0x156 Lib/V2Protocol.o
                              0x143e8 (size before relaxing)
 .debug_str     0x00015605      0x105 Lib/V2ProtocolParams.o
                              0x14212 (size before relaxing)
 .debug_str     0x0001570a      0x9eb src/LUFA/LUFA/Drivers/USB/Core/AVR8/EndpointStream_AVR8.o
                               0xcfb7 (size before relaxing)
 .debug_str     0x000160f5      0x24e src/LUFA/LUFA/Drivers/USB/Core/AVR8/Endpoint_AVR8.o
                               0xc637 (size before relaxing)
 .debug_str     0x00016343      0x23c src/LUFA/LUFA/Drivers/USB/Core/AVR8/USBController_AVR8.o
                               0xc552 (size before relaxing)
 .debug_str     0x0001657f       0xbb src/LUFA/LUFA/Drivers/USB/Core/AVR8/USBInterrupt_AVR8.o
                               0xc4fd (size before relaxing)
 .debug_str     0x0001663a      0x396 src/LUFA/LUFA/Drivers/USB/Core/DeviceStandardReq.o
                               0xc7c5 (size before relaxing)
 .debug_str     0x000169d0       0x53 src/LUFA/LUFA/Drivers/USB/Core/Events.o
                               0xb7f6 (size before relaxing)
 .debug_str     0x00016a23       0x7e src/LUFA/LUFA/Drivers/USB/Core/USBTask.o
                               0xc3d9 (size before relaxing)

.debug_loc      0x00000000     0x51a6
 *(.debug_loc)
 .debug_loc     0x00000000      0x170 AVRISP-MKII.o
 .debug_loc     0x00000170      0x226 AVRISPDescriptors.o
 .debug_loc     0x00000396     0x11c6 Lib/ISP/ISPProtocol.o
 .debug_loc     0x0000155c      0x4e0 Lib/ISP/ISPTarget.o
 .debug_loc     0x00001a3c      0x346 Lib/V2Protocol.o
 .debug_loc     0x00001d82      0x287 Lib/V2ProtocolParams.o
 .debug_loc     0x00002009     0x284b src/LUFA/LUFA/Drivers/USB/Core/AVR8/EndpointStream_AVR8.o
 .debug_loc     0x00004854      0x406 src/LUFA/LUFA/Drivers/USB/Core/AVR8/Endpoint_AVR8.o
 .debug_loc     0x00004c5a       0x78 src/LUFA/LUFA/Drivers/USB/Core/AVR8/USBController_AVR8.o
 .debug_loc     0x00004cd2      0x233 src/LUFA/LUFA/Drivers/USB/Core/AVR8/USBInterrupt_AVR8.o
 .debug_loc     0x00004f05      0x258 src/LUFA/LUFA/Drivers/USB/Core/DeviceStandardReq.o
 .debug_loc     0x0000515d       0x49 src/LUFA/LUFA/Drivers/USB/Core/USBTask.o

.debug_macinfo
 *(.debug_macinfo)

.debug_weaknames
 *(.debug_weaknames)

.debug_funcnames
 *(.debug_funcnames)

.debug_typenames
 *(.debug_typenames)

.debug_varnames
 *(.debug_varnames)

.debug_pubtypes
 *(.debug_pubtypes)

.debug_ranges   0x00000000      0xdb8
 *(.debug_ranges)
 .debug_ranges  0x00000000       0x40 AVRISP-MKII.o
 .debug_ranges  0x00000040       0x10 AVRISPDescriptors.o
 .debug_ranges  0x00000050       0xf8 Lib/ISP/ISPProtocol.o
 .debug_ranges  0x00000148       0x58 Lib/ISP/ISPTarget.o
 .debug_ranges  0x000001a0       0xe8 Lib/V2Protocol.o
 .debug_ranges  0x00000288       0x58 Lib/V2ProtocolParams.o
 .debug_ranges  0x000002e0      0x928 src/LUFA/LUFA/Drivers/USB/Core/AVR8/EndpointStream_AVR8.o
 .debug_ranges  0x00000c08      0x110 src/LUFA/LUFA/Drivers/USB/Core/AVR8/Endpoint_AVR8.o
 .debug_ranges  0x00000d18       0x20 src/LUFA/LUFA/Drivers/USB/Core/AVR8/USBController_AVR8.o
 .debug_ranges  0x00000d38       0x20 src/LUFA/LUFA/Drivers/USB/Core/AVR8/USBInterrupt_AVR8.o
 .debug_ranges  0x00000d58       0x40 src/LUFA/LUFA/Drivers/USB/Core/DeviceStandardReq.o
 .debug_ranges  0x00000d98       0x10 src/LUFA/LUFA/Drivers/USB/Core/Events.o
 .debug_ranges  0x00000da8       0x10 src/LUFA/LUFA/Drivers/USB/Core/USBTask.o

.debug_macro    0x00000000     0x8522
 *(.debug_macro)
 .debug_macro   0x00000000      0x541 AVRISP-MKII.o
 .debug_macro   0x00000541      0xa60 AVRISP-MKII.o
 .debug_macro   0x00000fa1       0x10 AVRISP-MKII.o
 .debug_macro   0x00000fb1      0x1c9 AVRISP-MKII.o
 .debug_macro   0x0000117a      0x2fc AVRISP-MKII.o
 .debug_macro   0x00001476       0x9e AVRISP-MKII.o
 .debug_macro   0x00001514     0x1601 AVRISP-MKII.o
 .debug_macro   0x00002b15      0x13a AVRISP-MKII.o
 .debug_macro   0x00002c4f       0xcb AVRISP-MKII.o
 .debug_macro   0x00002d1a       0x34 AVRISP-MKII.o
 .debug_macro   0x00002d4e       0x18 AVRISP-MKII.o
 .debug_macro   0x00002d66       0x6c AVRISP-MKII.o
 .debug_macro   0x00002dd2       0x68 AVRISP-MKII.o
 .debug_macro   0x00002e3a       0x69 AVRISP-MKII.o
 .debug_macro   0x00002ea3       0x65 AVRISP-MKII.o
 .debug_macro   0x00002f08       0x10 AVRISP-MKII.o
 .debug_macro   0x00002f18       0x10 AVRISP-MKII.o
 .debug_macro   0x00002f28       0x22 AVRISP-MKII.o
 .debug_macro   0x00002f4a       0x16 AVRISP-MKII.o
 .debug_macro   0x00002f60       0x97 AVRISP-MKII.o
 .debug_macro   0x00002ff7       0x16 AVRISP-MKII.o
 .debug_macro   0x0000300d       0xf6 AVRISP-MKII.o
 .debug_macro   0x00003103       0x22 AVRISP-MKII.o
 .debug_macro   0x00003125      0x1a7 AVRISP-MKII.o
 .debug_macro   0x000032cc       0x36 AVRISP-MKII.o
 .debug_macro   0x00003302       0x1c AVRISP-MKII.o
 .debug_macro   0x0000331e       0x68 AVRISP-MKII.o
 .debug_macro   0x00003386       0x4c AVRISP-MKII.o
 .debug_macro   0x000033d2       0x10 AVRISP-MKII.o
 .debug_macro   0x000033e2       0x35 AVRISP-MKII.o
 .debug_macro   0x00003417       0xe2 AVRISP-MKII.o
 .debug_macro   0x000034f9       0x33 AVRISP-MKII.o
 .debug_macro   0x0000352c      0x10c AVRISP-MKII.o
 .debug_macro   0x00003638      0x160 AVRISP-MKII.o
 .debug_macro   0x00003798      0x160 AVRISP-MKII.o
 .debug_macro   0x000038f8       0x10 AVRISP-MKII.o
 .debug_macro   0x00003908       0x1c AVRISP-MKII.o
 .debug_macro   0x00003924       0x86 AVRISP-MKII.o
 .debug_macro   0x000039aa       0x3c AVRISP-MKII.o
 .debug_macro   0x000039e6       0x28 AVRISP-MKII.o
 .debug_macro   0x00003a0e       0x12 AVRISP-MKII.o
 .debug_macro   0x00003a20       0x19 AVRISP-MKII.o
 .debug_macro   0x00003a39       0x4d AVRISP-MKII.o
 .debug_macro   0x00003a86       0x73 AVRISP-MKII.o
 .debug_macro   0x00003af9       0x16 AVRISP-MKII.o
 .debug_macro   0x00003b0f       0x12 AVRISP-MKII.o
 .debug_macro   0x00003b21       0x1f AVRISP-MKII.o
 .debug_macro   0x00003b40       0x64 AVRISP-MKII.o
 .debug_macro   0x00003ba4       0x41 AVRISP-MKII.o
 .debug_macro   0x00003be5       0x12 AVRISP-MKII.o
 .debug_macro   0x00003bf7       0x10 AVRISP-MKII.o
 .debug_macro   0x00003c07       0x1c AVRISP-MKII.o
 .debug_macro   0x00003c23       0x16 AVRISP-MKII.o
 .debug_macro   0x00003c39       0x16 AVRISP-MKII.o
 .debug_macro   0x00003c4f      0x12c AVRISP-MKII.o
 .debug_macro   0x00003d7b       0x16 AVRISP-MKII.o
 .debug_macro   0x00003d91       0x46 AVRISP-MKII.o
 .debug_macro   0x00003dd7       0x58 AVRISP-MKII.o
 .debug_macro   0x00003e2f       0x10 AVRISP-MKII.o
 .debug_macro   0x00003e3f       0xf2 AVRISP-MKII.o
 .debug_macro   0x00003f31       0x16 AVRISP-MKII.o
 .debug_macro   0x00003f47      0x154 AVRISP-MKII.o
 .debug_macro   0x0000409b       0x2a AVRISP-MKII.o
 .debug_macro   0x000040c5      0x6ce AVRISP-MKII.o
 .debug_macro   0x00004793       0x16 AVRISP-MKII.o
 .debug_macro   0x000047a9      0x132 AVRISP-MKII.o
 .debug_macro   0x000048db       0x16 AVRISP-MKII.o
 .debug_macro   0x000048f1       0x10 AVRISP-MKII.o
 .debug_macro   0x00004901       0x6c AVRISP-MKII.o
 .debug_macro   0x0000496d       0x16 AVRISP-MKII.o
 .debug_macro   0x00004983       0x1c AVRISP-MKII.o
 .debug_macro   0x0000499f       0x16 AVRISP-MKII.o
 .debug_macro   0x000049b5       0x10 AVRISP-MKII.o
 .debug_macro   0x000049c5      0x1be AVRISP-MKII.o
 .debug_macro   0x00004b83       0x16 AVRISP-MKII.o
 .debug_macro   0x00004b99       0x40 AVRISP-MKII.o
 .debug_macro   0x00004bd9       0x16 AVRISP-MKII.o
 .debug_macro   0x00004bef      0x11e AVRISP-MKII.o
 .debug_macro   0x00004d0d       0x10 AVRISP-MKII.o
 .debug_macro   0x00004d1d       0x6c AVRISP-MKII.o
 .debug_macro   0x00004d89       0x40 AVRISP-MKII.o
 .debug_macro   0x00004dc9       0x16 AVRISP-MKII.o
 .debug_macro   0x00004ddf       0x1c AVRISP-MKII.o
 .debug_macro   0x00004dfb       0xee AVRISP-MKII.o
 .debug_macro   0x00004ee9      0x11e AVRISP-MKII.o
 .debug_macro   0x00005007       0x22 AVRISP-MKII.o
 .debug_macro   0x00005029       0xfa AVRISP-MKII.o
 .debug_macro   0x00005123       0x22 AVRISP-MKII.o
 .debug_macro   0x00005145       0x28 AVRISP-MKII.o
 .debug_macro   0x0000516d      0x460 AVRISPDescriptors.o
 .debug_macro   0x000055cd       0x89 AVRISPDescriptors.o
 .debug_macro   0x00005656       0xaa AVRISPDescriptors.o
 .debug_macro   0x00005700       0xee AVRISPDescriptors.o
 .debug_macro   0x000057ee       0x20 AVRISPDescriptors.o
 .debug_macro   0x0000580e       0x2f AVRISPDescriptors.o
 .debug_macro   0x0000583d      0x51e Lib/ISP/ISPProtocol.o
 .debug_macro   0x00005d5b      0x166 Lib/ISP/ISPProtocol.o
 .debug_macro   0x00005ec1       0x10 Lib/ISP/ISPProtocol.o
 .debug_macro   0x00005ed1       0x3a Lib/ISP/ISPProtocol.o
 .debug_macro   0x00005f0b      0x51f Lib/ISP/ISPTarget.o
 .debug_macro   0x0000642a      0x51a Lib/V2Protocol.o
 .debug_macro   0x00006944      0x520 Lib/V2ProtocolParams.o
 .debug_macro   0x00006e64      0x16d Lib/V2ProtocolParams.o
 .debug_macro   0x00006fd1       0x39 Lib/V2ProtocolParams.o
 .debug_macro   0x0000700a       0x10 Lib/V2ProtocolParams.o
 .debug_macro   0x0000701a      0x60c src/LUFA/LUFA/Drivers/USB/Core/AVR8/EndpointStream_AVR8.o
 .debug_macro   0x00007626       0x28 src/LUFA/LUFA/Drivers/USB/Core/AVR8/EndpointStream_AVR8.o
 .debug_macro   0x0000764e       0x1c src/LUFA/LUFA/Drivers/USB/Core/AVR8/EndpointStream_AVR8.o
 .debug_macro   0x0000766a       0x1c src/LUFA/LUFA/Drivers/USB/Core/AVR8/EndpointStream_AVR8.o
 .debug_macro   0x00007686      0x2a3 src/LUFA/LUFA/Drivers/USB/Core/AVR8/Endpoint_AVR8.o
 .debug_macro   0x00007929       0x10 src/LUFA/LUFA/Drivers/USB/Core/AVR8/Endpoint_AVR8.o
 .debug_macro   0x00007939      0x275 src/LUFA/LUFA/Drivers/USB/Core/AVR8/USBController_AVR8.o
 .debug_macro   0x00007bae       0x79 src/LUFA/LUFA/Drivers/USB/Core/AVR8/USBController_AVR8.o
 .debug_macro   0x00007c27      0x27d src/LUFA/LUFA/Drivers/USB/Core/AVR8/USBInterrupt_AVR8.o
 .debug_macro   0x00007ea4      0x27b src/LUFA/LUFA/Drivers/USB/Core/DeviceStandardReq.o
 .debug_macro   0x0000811f      0x182 src/LUFA/LUFA/Drivers/USB/Core/Events.o
 .debug_macro   0x000082a1      0x281 src/LUFA/LUFA/Drivers/USB/Core/USBTask.o
OUTPUT(LUFA_PROJECTS_AVRISPMKII_CLONE1.elf elf32-avr)
LOAD linker stubs
